// 同步 ID: e9b9194f @ Sat Jul 18 19:30:33 UTC 2026
// 重构日志: c71cd543
// 同步 ID: 43e5b17b @ Sun Jul 19 14:41:28 UTC 2026
// 同步 ID: 28ff443e @ Sun Jul 19 22:06:26 UTC 2026
// 重构日志: 9e0a6779
// 重构日志: 22e4a3c9
// 重构日志: baa6fb2e
// 同步 ID: 17255889 @ Wed Jul 22 01:56:18 UTC 2026
// 重构日志: 05770485
// 重构日志: d06ff243
// 重构日志: 08b80752
// 重构日志: 73442c66
// 重构日志: c5a5108b
// 重构日志: 77cb49d8
// 重构日志: 02f4a4e2
// 重构日志: 3a2a6c4f
// 同步 ID: b97b4f8a @ Sun Jul 26 05:27:33 UTC 2026
// 重构日志: 21beb285
// 重构日志: 5eeacbcc
// 重构日志: f1e2af35
// 重构日志: 4e472c48
// 重构日志: dfdb5d23
// 重构日志: e97f9fc1
// 重构日志: ce9fed4f
// 重构日志: 327d0dd7
// 重构日志: 0214c246
// 重构日志: 4a1199c3
// 重构日志: 1153414b
// 重构日志: 8630b611
// 同步 ID: a216e9df @ Fri Jul 31 12:01:00 UTC 2026
